python : HTTP Error 404: {"quoteSumma
ry":{"result":null,"error":{"code":"N
ot Found","description":"Quote not 
found for symbol: NI=F"}}}
At line:1 char:32
+ ... orman\Desktop\AI; python 
test_macro.py > test_output.txt 
2>&1; Get-Co ...
+                       ~~~~~~~~~~~~~
~~~~~~~~~~~~~~~~~~~~~~~~~~~~~~
    + CategoryInfo          : NotSpe 
   cified: (HTTP Error 404:...ymbol  
  : NI=F"}}}:String) [], RemoteExc   
 eption
    + FullyQualifiedErrorId : Native 
   CommandError
 
$NI=F: possibly delisted; no price 
data found  (period=5d) (Yahoo error 
= "No data found, symbol may be 
delisted")
HTTP Error 404: {"quoteSummary":{"res
ult":null,"error":{"code":"Not 
Found","description":"Quote not 
found for symbol: NICKEL.L"}}}
$NICKEL.L: possibly delisted; no 
price data found  (period=5d) (Yahoo 
error = "No data found, symbol may 
be delisted")
$COAL.L: possibly delisted; no price 
data found  (period=5d)
Testing macro data sources...
==================================================

FED RATE
  rate    : 3.75%
  date    : 2026-03-18
  series  : DFEDTARU
  source  : FRED (Target Atas)

KURS PAJAK
  rate    : 16977.0
  official: False
  source  : Kurs Pasar
  note    : KMK resmi belum berhasil diambil. Menggunakan kurs pasar USD/IDR sebagai referensi.

BI RATE
  rate    : 4.75%
  source  : Google News
  date    : Tue, 17 Mar 2026

MARKET DATA
  IHSG      :     7,106.84          (+1.20%) [17 Mar 2026]
  USD_IDR   :    16,977.00 IDR      (+0.03%) [19 Mar 2026]
  Gold      :     4,535.10 USD/oz   (-7.26%) [19 Mar 2026]
  Oil       :        96.57 USD/bbl  (+0.26%) [19 Mar 2026]
  Nickel    : N/A  Nikel LME
  Coal      :        36.26 USD      (+2.43%) [18 Mar 2026]
